#should be overwritten by Makefile when executing check-output target